[gharpayy.com/homes/index.html]
[backblue.gif]
[fade.gif]
[index.html]
[gharpayy.com/homes/Copy_of_HOMES__1_-removebg-preview (1).png]
[gharpayy.com/homes/assets/plugins/css/bootstrap.min.css]
[gharpayy.com/homes/assets/plugins/css/animate.min.css]
[gharpayy.com/homes/assets/plugins/css/owl.carousel.min.css]
[gharpayy.com/homes/assets/plugins/css/maginific-popup.min.css]
[gharpayy.com/homes/assets/plugins/css/cube-portfolio.min.css]
[gharpayy.com/homes/assets/plugins/css/nice-select.min.css]
[gharpayy.com/homes/assets/plugins/css/icofont.css]
[gharpayy.com/homes/assets/plugins/css/uicons.css]
[gharpayy.com/homes/style.css]
[kit.fontawesome.com/0eba685890.js]
[gharpayy.com/homes/index-2.html]
[gharpayy.com/homes/blog-details.html]
[gharpayy.com/homes/about.html]
[gharpayy.com/homes/faq.html]
[gharpayy.com/homes/contact.html]
[gharpayy.com/homes/logocompany.png]
[gharpayy.com/homes/service-details.html]
[gharpayy.com/homes/WhatsApp Image 2023-11-23 at 19.20.53_a60c4193.jpg]
[gharpayy.com/homes/assets/images/services/shape-1.svg]
[gharpayy.com/homes/assets/images/services/shape-2.svg]
[gharpayy.com/homes/assets/images/services/shape-3.svg]
[gharpayy.com/homes/requirements_10645740.png]
[gharpayy.com/homes/buildings_942153.png]
[gharpayy.com/homes/home_3605913.png]
[gharpayy.com/homes/assets/images/about-us/client/client-1.png]
[gharpayy.com/homes/assets/images/about-us/client/client-2.png]
[gharpayy.com/homes/assets/images/about-us/client/client-3.png]
[gharpayy.com/homes/assets/images/about-us/client/client-4.png]
[gharpayy.com/homes/assets/images/about-us/more-icon.svg]
[gharpayy.com/homes/assets/images/about-us/about-img.png]
[gharpayy.com/homes/folder_2980776.png]
[gharpayy.com/homes/education_10020411.png]
[gharpayy.com/homes/working-home_3040231.png]
[gharpayy.com/homes/process_4149677.png]
[gharpayy.com/homes/idea_4185245.png]
[gharpayy.com/homes/magic-book_3231250.png]
[gharpayy.com/homes/laptop_740721.png]
[gharpayy.com/homes/searching_3112970.png]
[gharpayy.com/homes/telephone_8030595.png]
[gharpayy.com/homes/upgrade_9469957.png]
[gharpayy.com/homes/assets/images/call-action/bg-image.png]
[gharpayy.com/homes/assets/images/call-action/shape-1.svg]
[gharpayy.com/homes/assets/images/call-action/shape-2.svg]
[gharpayy.com/homes/assets/images/pricing/shape-bg.svg]
[gharpayy.com/homes/assets/images/support-highlight/icon-1.svg]
[gharpayy.com/homes/assets/images/support-highlight/icon-2.svg]
[gharpayy.com/homes/assets/images/support-highlight/icon-3.svg]
[gharpayy.com/homes/WhatsApp Image 2023-11-24 at 17.26.54_ee4ddc00.jpg]
[gharpayy.com/homes/assets/images/what-we-do/bg-shape.svg]
[gharpayy.com/homes/WhatsApp Image 2023-11-23 at 19.27.58_82f3435d.jpg]
[gharpay-solution-to-modern-housing.onrender.com/assets/img/blog/blog-3.jpg]
[gharpayy.com/homes/assets/images/icons/calender.svg]
[gharpayy.com/homes/assets/images/icons/comments.svg]
[gharpayy.com/homes/blog-details1.html]
[www.deutschland.de/sites/default/files/styles/image_carousel_mobile/public/media/image/tdt_15052020_wie_familien_in_deutschland_leben_gemeinsambcb2.jpg]
[gharpayy.com/homes/blog-details2.html]
[img.freepik.com/free-photo/buying-property-concept-man-uniform-giving-keys-black-man_1157-50916863e.jpg]
[gharpayy.com/homes/blog-details3.html]
[gharpay-solution-to-modern-housing.onrender.com/assets/img/blog/blog-2.jpg]
[gharpayy.com/homes/blog-details4.html]
[gharpay-solution-to-modern-housing.onrender.com/assets/img/blog/blog-1.jpg]
[gharpayy.com/homes/assets/images/blog/section-shape.svg]
[gharpayy.com/homes/assets/images/footer-bg.png]
[gharpayy.com/homes/assets/plugins/js/jquery.min.js]
[gharpayy.com/homes/assets/plugins/js/jquery-migrate.js]
[gharpayy.com/homes/assets/plugins/js/modernizer.min.js]
[gharpayy.com/homes/assets/plugins/js/bootstrap.min.js]
[gharpayy.com/homes/assets/plugins/js/simpleParallax.min.js]
[gharpayy.com/homes/assets/plugins/js/owl.carousel.min.js]
[gharpayy.com/homes/assets/plugins/js/magnific-popup.min.js]
[gharpayy.com/homes/assets/plugins/js/backToTop.js]
[gharpayy.com/homes/assets/plugins/js/wow.min.js]
[gharpayy.com/homes/assets/plugins/js/cube-portfolio.min.js]
[gharpayy.com/homes/assets/plugins/js/jquery.counterup.min.js]
[gharpayy.com/homes/assets/plugins/js/waypoints.min.js]
[gharpayy.com/homes/assets/plugins/js/nice-select.min.js]
[gharpayy.com/homes/assets/plugins/js/active.js]
[gharpayy.com/homes/icon_wapp.png]
[gharpayy.com/homes/index.html]
[gharpayy.com/homes/assets/plugins/css/bootstrap.min.css]
[gharpayy.com/homes/assets/plugins/css/animate.min.css]
[gharpayy.com/homes/assets/plugins/css/owl.video.play.html]
[gharpayy.com/homes/assets/plugins/css/owl.carousel.min.css]
[gharpayy.com/homes/assets/plugins/css/maginific-popup.min.css]
[gharpayy.com/homes/assets/plugins/img/cbp-sprite.html]
[gharpayy.com/homes/assets/plugins/css/cube-portfolio.min.css]
[gharpayy.com/homes/assets/plugins/css/nice-select.min.css]
[gharpayy.com/homes/assets/fonts/icofont.woff2]
[gharpayy.com/homes/assets/fonts/icofont.woff]
[gharpayy.com/homes/assets/plugins/css/icofont.css]
[gharpayy.com/homes/assets/fonts/uicons-solid-straight.woff2]
[gharpayy.com/homes/assets/fonts/uicons-solid-straight.eot]
[gharpayy.com/homes/assets/fonts/uicons-solid-straight.woff]
[gharpayy.com/homes/assets/fonts/uicons-solid-rounded.eot]
[gharpayy.com/homes/assets/fonts/uicons-solid-rounded.woff2]
[gharpayy.com/homes/assets/fonts/uicons-solid-rounded.woff]
[gharpayy.com/homes/assets/fonts/uicons-regular-straight.eot]
[gharpayy.com/homes/assets/fonts/uicons-regular-straight.woff2]
[gharpayy.com/homes/assets/fonts/uicons-regular-straight.woff]
[gharpayy.com/homes/assets/fonts/uicons-regular-rounded.eot]
[gharpayy.com/homes/assets/fonts/uicons-regular-rounded.woff2]
[gharpayy.com/homes/assets/fonts/uicons-regular-rounded.woff]
[gharpayy.com/homes/assets/fonts/uicons-bold-straight.eot]
[gharpayy.com/homes/assets/fonts/uicons-bold-straight.woff2]
[gharpayy.com/homes/assets/fonts/uicons-bold-straight.woff]
[gharpayy.com/homes/assets/fonts/uicons-bold-rounded.eot]
[gharpayy.com/homes/assets/fonts/uicons-bold-rounded.woff2]
[gharpayy.com/homes/assets/fonts/uicons-bold-rounded.woff]
[gharpayy.com/homes/assets/plugins/css/uicons.css]
[gharpayy.com/homes/assets/css/topbar.css]
[gharpayy.com/homes/assets/css/header.css]
[gharpayy.com/homes/assets/css/hero-area.css]
[gharpayy.com/homes/assets/css/company-fact.css]
[gharpayy.com/homes/assets/css/services.css]
[gharpayy.com/homes/assets/css/strap.css]
[gharpayy.com/homes/assets/css/about-us.css]
[gharpayy.com/homes/assets/css/call-action.css]
[gharpayy.com/homes/assets/css/portfolio.css]
[gharpayy.com/homes/assets/css/pricing.css]
[gharpayy.com/homes/assets/css/contact-us.css]
[gharpayy.com/homes/assets/css/what-we-do.css]
[gharpayy.com/homes/assets/css/blog.css]
[gharpayy.com/homes/assets/css/agency-skills.css]
[gharpayy.com/homes/assets/css/testimonial.css]
[gharpayy.com/homes/assets/css/faq.css]
[gharpayy.com/homes/assets/css/brands.css]
[gharpayy.com/homes/assets/css/team.css]
[gharpayy.com/homes/assets/css/breadcrumbs.css]
[gharpayy.com/homes/assets/css/footer.css]
[gharpayy.com/homes/assets/css/mobile-menu.css]
[gharpayy.com/homes/assets/css/reset.css]
[gharpayy.com/homes/style.css]
[gharpayy.com/homes/index-2.html]
[housing.com/news/wp-content/uploads/2022/11/shutterstock_1715891752-1200x700-compressed.jpg]
[cdn.apartmenttherapy.info/image/upload/v1556716350/stock/8ea241e96504a398f291a31939963e8ba948368c.jpg]
[gharpayy.com/homes/blog-details.html]
[gharpayy.com/homes/assets/images/breadcrumbs-bg.png]
[gharpayy.com/homes/assets/images/icons/users.svg]
[mccarthyrealty.ca/wp-content/uploads/2019/10/fmf_773.jpg]
[gharpayy.com/homes/assets/images/about-us/about-2/about-overlay-img.png]
[techsyn.co/assets/uploads/media-uploader/techsyn-blog-real-estate-marketing1684564147.jpg]
[gharpayy.com/homes/about.html]
[gharpayy.com/homes/assets/images/faq/shape-1.png]
[gharpayy.com/homes/assets/images/faq/shape-2.svg]
[gharpayy.com/homes/faq.html]
[gharpayy.com/homes/contact.html]
[gharpayy.com/homes/href=_https_/api.whatsapp.com/send6214.html]
[unpkg.com/leaflet@1.9.4/dist/leaflet.css]
[unpkg.com/leaflet@1.9.4/dist/leaflet.js]
[gharpayy.com/homes/images20/img6.jpg]
[gharpayy.com/homes/oven_2333382.png]
[gharpayy.com/homes/kitchen_10043693.png]
[gharpayy.com/homes/condensation_1975605.png]
[gharpayy.com/homes/lockers_4242190.png]
[gharpayy.com/homes/mattress_3821379.png]
[gharpayy.com/homes/pillow_7760171.png]
[gharpayy.com/homes/closet_4737645.png]
[gharpayy.com/homes/bill_7096248.png]
[gharpayy.com/homes/work-from-home_5456286.png]
[gharpayy.com/homes/business_12749258.png]
[gharpayy.com/homes/cctv_636024.png]
[gharpayy.com/homes/housekeeper_2644604.png]
[gharpayy.com/homes/laundry-machine_3322854.png]
[gharpayy.com/homes/assets/images/icons/check-circle-solid.svg]
[gharpayy.com/homes/images20/img2.jpg]
[gharpayy.com/homes/images20/img3.jpg]
[gharpayy.com/homes/images20/img4.jpg]
[gharpayy.com/homes/images20/img5.jpg]
[gharpayy.com/homes/service-details.html]
[gharpayy.com/homes/assets/images/services/shape-1.svg]
[gharpayy.com/homes/assets/images/services/shape-2.svg]
[gharpayy.com/homes/assets/images/services/shape-3.svg]
[gharpayy.com/homes/assets/images/about-us/more-icon.svg]
[gharpayy.com/homes/assets/images/call-action/shape-1.svg]
[gharpayy.com/homes/assets/images/call-action/shape-2.svg]
[gharpayy.com/homes/assets/images/pricing/shape-bg.svg]
[gharpayy.com/homes/assets/images/support-highlight/icon-1.svg]
[gharpayy.com/homes/assets/images/support-highlight/icon-2.svg]
[gharpayy.com/homes/assets/images/support-highlight/icon-3.svg]
[gharpayy.com/homes/assets/images/what-we-do/bg-shape.svg]
[gharpayy.com/homes/assets/images/icons/calender.svg]
[gharpayy.com/homes/assets/images/icons/comments.svg]
[cdn.jsdelivr.net/npm/bootstrap@5.3.0/dist/js/bootstrap.bundle.min.js]
[gharpayy.com/homes/assets/images/usa-flag.png]
[gharpayy.com/homes/assets/images/blog-details/blog-details-img-1.png]
[gharpayy.com/homes/assets/images/blog-details/post-1.png]
[gharpayy.com/homes/assets/images/blog-details/post-2.png]
[gharpayy.com/homes/assets/images/blog-details/comment-1.png]
[gharpayy.com/homes/assets/images/blog-details/comment-2.png]
[gharpayy.com/homes/assets/images/blog-details/comment-3.png]
[gharpayy.com/homes/assets/images/standard-blog/recent-blog/recent-blog-1.png]
[gharpayy.com/homes/assets/images/standard-blog/recent-blog/recent-blog-2.png]
[gharpayy.com/homes/assets/images/standard-blog/recent-blog/recent-blog-3.png]
[gharpayy.com/homes/blog-details1.html]
[www.bestrent.vn/images/post/featured-image/83dc73e19d462fab6394f22d413c9d5c723b2c08bb6248ba9d511dfa9a1a18c3bc45d5a3.jpg]
[gharpayy.com/homes/blog-details2.html]
[gharpayy.com/homes/blog-details3.html]
[www.viessmann.co.uk/content/dam/public-brands/gb/images/3-2/1280-853_the_family_in_2050.jpg/_jcr_content/renditions/original/1280-853_the_family_in_2050.jpg]
[gharpayy.com/homes/blog-details4.html]
[gharpayy.com/homes/assets/images/blog/section-shape.svg]
[gharpayy.com/homes/assets/plugins/css/owl.video.play.html]
[gharpayy.com/homes/assets/plugins/img/cbp-sprite.html]
[gharpayy.com/homes/assets/css/topbar.css]
[gharpayy.com/homes/assets/css/header.css]
[gharpayy.com/homes/assets/css/hero-area.css]
[gharpayy.com/homes/assets/css/company-fact.css]
[gharpayy.com/homes/assets/images/hero-banner/arrow-shape-1.svg]
[gharpayy.com/homes/assets/css/services.css]
[gharpayy.com/homes/assets/css/strap.css]
[gharpayy.com/homes/assets/css/about-us.css]
[gharpayy.com/homes/assets/css/call-action.css]
[gharpayy.com/homes/assets/css/portfolio.css]
[gharpayy.com/homes/assets/css/pricing.css]
[gharpayy.com/homes/assets/css/contact-us.css]
[gharpayy.com/homes/assets/images/what-we-do/img-shape.svg]
[gharpayy.com/homes/assets/css/what-we-do.css]
[gharpayy.com/homes/assets/css/blog.css]
[gharpayy.com/homes/assets/images/agency-skills/shape.svg]
[gharpayy.com/homes/assets/css/agency-skills.css]
[gharpayy.com/homes/assets/images/icons/quote.png]
[gharpayy.com/homes/assets/css/testimonial.css]
[gharpayy.com/homes/assets/css/faq.css]
[gharpayy.com/homes/assets/css/brands.css]
[gharpayy.com/homes/assets/css/team.css]
[gharpayy.com/homes/assets/images/breadcrumbs-bg-shape.svg]
[gharpayy.com/homes/assets/css/breadcrumbs.css]
[gharpayy.com/homes/assets/css/footer.css]
[gharpayy.com/homes/assets/css/mobile-menu.css]
[gharpayy.com/homes/assets/css/reset.css]
[gharpayy.com/homes/index-3.html]
[gharpayy.com/homes/assets/images/icons/users.svg]
[gharpayy.com/homes/blog-details-2.html]
[gharpayy.com/homes/assets/images/faq/shape-2.svg]
[gharpayy.com/homes/assets/images/call-action/call-action-2/bg-shape.svg]
[unpkg.com/leaflet@1.9.4/dist/images/layers.png]
[unpkg.com/leaflet@1.9.4/dist/images/layers-2x.png]
[unpkg.com/leaflet@1.9.4/dist/images/marker-icon.png]
[unpkg.com/leaflet@1.9.4/dist/leaflet.css]
[gharpayy.com/homes/assets/images/icons/check-circle-solid.svg]
[gharpayy.com/homes/index-4.html]
[gharpayy.com/homes/projects.html]
[gharpayy.com/homes/projects-2.html]
[gharpayy.com/homes/project-details.html]
[gharpayy.com/homes/services.html]
[gharpayy.com/homes/standard-blog.html]
[gharpayy.com/homes/team.html]
[gharpayy.com/homes/team-details.html]
[gharpayy.com/homes/pricing.html]
[gharpayy.com/homes/assets/images/hero-banner/arrow-shape-1.svg]
[gharpayy.com/homes/assets/images/call-action/call-action-2/bg-shape.svg]
[gharpayy.com/homes/assets/images/what-we-do/img-shape.svg]
[gharpayy.com/homes/assets/images/agency-skills/shape.svg]
[gharpayy.com/homes/assets/images/breadcrumbs-bg-shape.svg]
